12:  j=7
14:  k=30
16:  i=1
16:  i=2
16:  i=3
16:  i=4
16:  i=5
14:  k=31
16:  i=1
16:  i=2
16:  i=3
16:  i=4
16:  i=5
14:  k=32
16:  i=1
16:  i=2
16:  i=3
16:  i=4
16:  i=5
14:  k=33
16:  i=1
16:  i=2
16:  i=3
16:  i=4
16:  i=5
finished with k
12:  j=8
14:  k=30
16:  i=1
16:  i=2
16:  i=3
16:  i=4
16:  i=5
14:  k=31
16:  i=1
16:  i=2
16:  i=3
16:  i=4
16:  i=5
14:  k=32
16:  i=1
16:  i=2
16:  i=3
16:  i=4
16:  i=5
14:  k=33
16:  i=1
16:  i=2
16:  i=3
16:  i=4
16:  i=5
finished with k
12:  j=9
14:  k=30
16:  i=1
16:  i=2
16:  i=3
16:  i=4
16:  i=5
14:  k=31
16:  i=1
16:  i=2
16:  i=3
16:  i=4
16:  i=5
14:  k=32
16:  i=1
16:  i=2
16:  i=3
16:  i=4
16:  i=5
14:  k=33
16:  i=1
16:  i=2
16:  i=3
16:  i=4
16:  i=5
finished with k
12:  j=10
14:  k=30
16:  i=1
16:  i=2
16:  i=3
16:  i=4
16:  i=5
14:  k=31
16:  i=1
16:  i=2
16:  i=3
16:  i=4
16:  i=5
14:  k=32
16:  i=1
16:  i=2
16:  i=3
16:  i=4
16:  i=5
14:  k=33
16:  i=1
16:  i=2
16:  i=3
16:  i=4
16:  i=5
finished with k
should print cc = [-4,3]
25:  cc=-4
25:  cc=-3
25:  cc=-2
25:  cc=-1
25:  cc=0
25:  cc=1
25:  cc=2
25:  cc=3
should print dd = [-5,-1]
30:  dd=-5
30:  dd=-4
30:  dd=-3
30:  dd=-2
30:  dd=-1
should print e = [0,10]
35:  ee=0
35:  ee=1
35:  ee=2
35:  ee=3
35:  ee=4
35:  ee=5
35:  ee=6
35:  ee=7
35:  ee=8
35:  ee=9
35:  ee=10
