v[k]=
1.00000000000000
v[k]=
2.00000000000000
v[k]=
3.00000000000000
21:  y=1.00000000000000
21:  y=2.00000000000000
21:  y=3.00000000000000
2.00000000000000
4.00000000000000
6.00000000000000
2.00000000000000
3.00000000000000
4.00000000000000
5.00000000000000
6.00000000000000
3.00000000000000
4.00000000000000
5.00000000000000
6.00000000000000
7.00000000000000
4.00000000000000
5.00000000000000
6.00000000000000
7.00000000000000
8.00000000000000
