9:  x=3.45600000000000
10:  y=-0.10000000000000
14:  z=3.45600000000000
15:  zz=99.98999999999999
e should be 6
22:  e=6.00000000000000
