print_block a(i,j)

22:  printing 9 of 9 elements of block a[1,1] in the order stored in memory 
1.00000000000000 2.00000000000000 3.00000000000000 
8.00000000000000 9.00000000000000 10.00000000000000 
15.00000000000000 16.00000000000000 17.00000000000000 
print_block b[i,j]

25:  printing 9 of 9 elements of block b[1,1] in the order stored in memory 
1.00000000000000 2.00000000000000 3.00000000000000 
8.00000000000000 9.00000000000000 10.00000000000000 
15.00000000000000 16.00000000000000 17.00000000000000 
print_block a(i,j)

22:  printing 12 of 12 elements of block a[1,2] in the order stored in memory 
22.00000000000000 23.00000000000000 24.00000000000000 
29.00000000000000 30.00000000000000 31.00000000000000 
36.00000000000000 37.00000000000000 38.00000000000000 
43.00000000000000 44.00000000000000 45.00000000000000 
print_block b[i,j]

25:  printing 12 of 12 elements of block b[1,2] in the order stored in memory 
22.00000000000000 23.00000000000000 24.00000000000000 
29.00000000000000 30.00000000000000 31.00000000000000 
36.00000000000000 37.00000000000000 38.00000000000000 
43.00000000000000 44.00000000000000 45.00000000000000 
print_block a(i,j)

22:  printing 12 of 12 elements of block a[2,1] in the order stored in memory 
4.00000000000000 5.00000000000000 6.00000000000000 7.00000000000000 
11.00000000000000 12.00000000000000 13.00000000000000 14.00000000000000 
18.00000000000000 19.00000000000000 20.00000000000000 21.00000000000000 
print_block b[i,j]

25:  printing 12 of 12 elements of block b[2,1] in the order stored in memory 
4.00000000000000 5.00000000000000 6.00000000000000 7.00000000000000 
11.00000000000000 12.00000000000000 13.00000000000000 14.00000000000000 
18.00000000000000 19.00000000000000 20.00000000000000 21.00000000000000 
print_block a(i,j)

22:  printing 16 of 16 elements of block a[2,2] in the order stored in memory 
25.00000000000000 26.00000000000000 27.00000000000000 28.00000000000000 
32.00000000000000 33.00000000000000 34.00000000000000 35.00000000000000 
39.00000000000000 40.00000000000000 41.00000000000000 42.00000000000000 
46.00000000000000 47.00000000000000 48.00000000000000 49.00000000000000 
print_block b[i,j]

25:  printing 16 of 16 elements of block b[2,2] in the order stored in memory 
25.00000000000000 26.00000000000000 27.00000000000000 28.00000000000000 
32.00000000000000 33.00000000000000 34.00000000000000 35.00000000000000 
39.00000000000000 40.00000000000000 41.00000000000000 42.00000000000000 
46.00000000000000 47.00000000000000 48.00000000000000 49.00000000000000 
print a

31:  printing 49 of 49 elements of contiguous array a in the order stored in memory 
1.00000000000000 2.00000000000000 3.00000000000000 4.00000000000000 5.00000000000000 6.00000000000000 7.00000000000000 
8.00000000000000 9.00000000000000 10.00000000000000 11.00000000000000 12.00000000000000 13.00000000000000 14.00000000000000 
15.00000000000000 16.00000000000000 17.00000000000000 18.00000000000000 19.00000000000000 20.00000000000000 21.00000000000000 
22.00000000000000 23.00000000000000 24.00000000000000 25.00000000000000 26.00000000000000 27.00000000000000 28.00000000000000 
29.00000000000000 30.00000000000000 31.00000000000000 32.00000000000000 33.00000000000000 34.00000000000000 35.00000000000000 
36.00000000000000 37.00000000000000 38.00000000000000 39.00000000000000 40.00000000000000 41.00000000000000 42.00000000000000 
43.00000000000000 44.00000000000000 45.00000000000000 46.00000000000000 47.00000000000000 48.00000000000000 49.00000000000000 
 finished static_array_test

