23:  printing 4 of 4 elements of block a[1,1] in the order stored in memory 
23.00000000000000 23.00000000000000 
23.00000000000000 23.00000000000000 
23:  printing 6 of 6 elements of block a[1,2] in the order stored in memory 
23.00000000000000 23.00000000000000 
23.00000000000000 23.00000000000000 
23.00000000000000 23.00000000000000 
23:  printing 8 of 8 elements of block a[1,3] in the order stored in memory 
23.00000000000000 23.00000000000000 
23.00000000000000 23.00000000000000 
23.00000000000000 23.00000000000000 
23.00000000000000 23.00000000000000 
23:  printing 6 of 6 elements of block a[2,1] in the order stored in memory 
23.00000000000000 23.00000000000000 23.00000000000000 
23.00000000000000 23.00000000000000 23.00000000000000 
23:  printing 9 of 9 elements of block a[2,2] in the order stored in memory 
23.00000000000000 23.00000000000000 23.00000000000000 
23.00000000000000 23.00000000000000 23.00000000000000 
23.00000000000000 23.00000000000000 23.00000000000000 
23:  printing 12 of 12 elements of block a[2,3] in the order stored in memory 
23.00000000000000 23.00000000000000 23.00000000000000 
23.00000000000000 23.00000000000000 23.00000000000000 
23.00000000000000 23.00000000000000 23.00000000000000 
23.00000000000000 23.00000000000000 23.00000000000000 
23:  printing 8 of 8 elements of block a[3,1] in the order stored in memory 
23.00000000000000 23.00000000000000 23.00000000000000 23.00000000000000 
23.00000000000000 23.00000000000000 23.00000000000000 23.00000000000000 
23:  printing 12 of 12 elements of block a[3,2] in the order stored in memory 
23.00000000000000 23.00000000000000 23.00000000000000 23.00000000000000 
23.00000000000000 23.00000000000000 23.00000000000000 23.00000000000000 
23.00000000000000 23.00000000000000 23.00000000000000 23.00000000000000 
23:  printing 16 of 16 elements of block a[3,3] in the order stored in memory 
23.00000000000000 23.00000000000000 23.00000000000000 23.00000000000000 
23.00000000000000 23.00000000000000 23.00000000000000 23.00000000000000 
23.00000000000000 23.00000000000000 23.00000000000000 23.00000000000000 
23.00000000000000 23.00000000000000 23.00000000000000 23.00000000000000 
starting second loop
34:  printing 4 of 4 elements of block c[1,1] in the order stored in memory 
1.00000000000000 1.00000000000000 
1.00000000000000 1.00000000000000 
34:  printing 6 of 6 elements of block c[1,2] in the order stored in memory 
2.00000000000000 2.00000000000000 
2.00000000000000 2.00000000000000 
2.00000000000000 2.00000000000000 
34:  printing 8 of 8 elements of block c[1,3] in the order stored in memory 
3.00000000000000 3.00000000000000 
3.00000000000000 3.00000000000000 
3.00000000000000 3.00000000000000 
3.00000000000000 3.00000000000000 
34:  printing 6 of 6 elements of block c[2,1] in the order stored in memory 
1.00000000000000 1.00000000000000 1.00000000000000 
1.00000000000000 1.00000000000000 1.00000000000000 
34:  printing 9 of 9 elements of block c[2,2] in the order stored in memory 
2.00000000000000 2.00000000000000 2.00000000000000 
2.00000000000000 2.00000000000000 2.00000000000000 
2.00000000000000 2.00000000000000 2.00000000000000 
34:  printing 12 of 12 elements of block c[2,3] in the order stored in memory 
3.00000000000000 3.00000000000000 3.00000000000000 
3.00000000000000 3.00000000000000 3.00000000000000 
3.00000000000000 3.00000000000000 3.00000000000000 
3.00000000000000 3.00000000000000 3.00000000000000 
34:  printing 8 of 8 elements of block c[3,1] in the order stored in memory 
1.00000000000000 1.00000000000000 1.00000000000000 1.00000000000000 
1.00000000000000 1.00000000000000 1.00000000000000 1.00000000000000 
34:  printing 12 of 12 elements of block c[3,2] in the order stored in memory 
2.00000000000000 2.00000000000000 2.00000000000000 2.00000000000000 
2.00000000000000 2.00000000000000 2.00000000000000 2.00000000000000 
2.00000000000000 2.00000000000000 2.00000000000000 2.00000000000000 
34:  printing 16 of 16 elements of block c[3,3] in the order stored in memory 
3.00000000000000 3.00000000000000 3.00000000000000 3.00000000000000 
3.00000000000000 3.00000000000000 3.00000000000000 3.00000000000000 
3.00000000000000 3.00000000000000 3.00000000000000 3.00000000000000 
3.00000000000000 3.00000000000000 3.00000000000000 3.00000000000000 
starting third loop
43:  printing 4 of 4 elements of block a[1,1] in the order stored in memory 
1.00000000000000 2.00000000000000 
3.00000000000000 4.00000000000000 
45:  printing 4 of 4 elements of block d[1,1] in the order stored in memory 
1.00000000000000 3.00000000000000 
2.00000000000000 4.00000000000000 
43:  printing 6 of 6 elements of block a[1,2] in the order stored in memory 
2.00000000000000 3.00000000000000 
4.00000000000000 5.00000000000000 
6.00000000000000 7.00000000000000 
45:  printing 6 of 6 elements of block d[2,1] in the order stored in memory 
2.00000000000000 4.00000000000000 6.00000000000000 
3.00000000000000 5.00000000000000 7.00000000000000 
43:  printing 8 of 8 elements of block a[1,3] in the order stored in memory 
3.00000000000000 4.00000000000000 
5.00000000000000 6.00000000000000 
7.00000000000000 8.00000000000000 
9.00000000000000 10.00000000000000 
45:  printing 8 of 8 elements of block d[3,1] in the order stored in memory 
3.00000000000000 5.00000000000000 7.00000000000000 9.00000000000000 
4.00000000000000 6.00000000000000 8.00000000000000 10.00000000000000 
43:  printing 6 of 6 elements of block a[2,1] in the order stored in memory 
1.00000000000000 2.00000000000000 3.00000000000000 
4.00000000000000 5.00000000000000 6.00000000000000 
45:  printing 6 of 6 elements of block d[1,2] in the order stored in memory 
1.00000000000000 4.00000000000000 
2.00000000000000 5.00000000000000 
3.00000000000000 6.00000000000000 
43:  printing 9 of 9 elements of block a[2,2] in the order stored in memory 
2.00000000000000 3.00000000000000 4.00000000000000 
5.00000000000000 6.00000000000000 7.00000000000000 
8.00000000000000 9.00000000000000 10.00000000000000 
45:  printing 9 of 9 elements of block d[2,2] in the order stored in memory 
2.00000000000000 5.00000000000000 8.00000000000000 
3.00000000000000 6.00000000000000 9.00000000000000 
4.00000000000000 7.00000000000000 10.00000000000000 
43:  printing 12 of 12 elements of block a[2,3] in the order stored in memory 
3.00000000000000 4.00000000000000 5.00000000000000 
6.00000000000000 7.00000000000000 8.00000000000000 
9.00000000000000 10.00000000000000 11.00000000000000 
12.00000000000000 13.00000000000000 14.00000000000000 
45:  printing 12 of 12 elements of block d[3,2] in the order stored in memory 
3.00000000000000 6.00000000000000 9.00000000000000 12.00000000000000 
4.00000000000000 7.00000000000000 10.00000000000000 13.00000000000000 
5.00000000000000 8.00000000000000 11.00000000000000 14.00000000000000 
43:  printing 8 of 8 elements of block a[3,1] in the order stored in memory 
1.00000000000000 2.00000000000000 3.00000000000000 4.00000000000000 
5.00000000000000 6.00000000000000 7.00000000000000 8.00000000000000 
45:  printing 8 of 8 elements of block d[1,3] in the order stored in memory 
1.00000000000000 5.00000000000000 
2.00000000000000 6.00000000000000 
3.00000000000000 7.00000000000000 
4.00000000000000 8.00000000000000 
43:  printing 12 of 12 elements of block a[3,2] in the order stored in memory 
2.00000000000000 3.00000000000000 4.00000000000000 5.00000000000000 
6.00000000000000 7.00000000000000 8.00000000000000 9.00000000000000 
10.00000000000000 11.00000000000000 12.00000000000000 13.00000000000000 
45:  printing 12 of 12 elements of block d[2,3] in the order stored in memory 
2.00000000000000 6.00000000000000 10.00000000000000 
3.00000000000000 7.00000000000000 11.00000000000000 
4.00000000000000 8.00000000000000 12.00000000000000 
5.00000000000000 9.00000000000000 13.00000000000000 
43:  printing 16 of 16 elements of block a[3,3] in the order stored in memory 
3.00000000000000 4.00000000000000 5.00000000000000 6.00000000000000 
7.00000000000000 8.00000000000000 9.00000000000000 10.00000000000000 
11.00000000000000 12.00000000000000 13.00000000000000 14.00000000000000 
15.00000000000000 16.00000000000000 17.00000000000000 18.00000000000000 
45:  printing 16 of 16 elements of block d[3,3] in the order stored in memory 
3.00000000000000 7.00000000000000 11.00000000000000 15.00000000000000 
4.00000000000000 8.00000000000000 12.00000000000000 16.00000000000000 
5.00000000000000 9.00000000000000 13.00000000000000 17.00000000000000 
6.00000000000000 10.00000000000000 14.00000000000000 18.00000000000000 
