in do i 
12:  i=1
in do j 
15:  j=1
all elements of a(i,j) should be 42
19:  printing 4 of 4 elements of block a[1,1] in the order stored in memory 
42.00000000000000 42.00000000000000 
42.00000000000000 42.00000000000000 
all elements of b(i,j) should be 55
23:  printing 4 of 4 elements of block b[1,1] in the order stored in memory 
55.00000000000000 55.00000000000000 
55.00000000000000 55.00000000000000 
all elements of b(i,j) should be 42
27:  printing 4 of 4 elements of block b[1,1] in the order stored in memory 
42.00000000000000 42.00000000000000 
42.00000000000000 42.00000000000000 
LISTING CURRENT BLOCKS
block_map_:
Block Map : 
0:[1,1,1,1,1,1] size=4 [42.00000000000000...42.00000000000000]

1:[1,1,1,1,1,1] size=4 [42.00000000000000...42.00000000000000]


Cache : 


temp_block_list_stack_:

0:[1,1,1,1,1,1],1:[1,1,1,1,1,1]

in do j 
15:  j=2
all elements of a(i,j) should be 42
19:  printing 6 of 6 elements of block a[1,2] in the order stored in memory 
42.00000000000000 42.00000000000000 
42.00000000000000 42.00000000000000 
42.00000000000000 42.00000000000000 
all elements of b(i,j) should be 55
23:  printing 6 of 6 elements of block b[1,2] in the order stored in memory 
55.00000000000000 55.00000000000000 
55.00000000000000 55.00000000000000 
55.00000000000000 55.00000000000000 
all elements of b(i,j) should be 42
27:  printing 6 of 6 elements of block b[1,2] in the order stored in memory 
42.00000000000000 42.00000000000000 
42.00000000000000 42.00000000000000 
42.00000000000000 42.00000000000000 
LISTING CURRENT BLOCKS
block_map_:
Block Map : 
0:[1,2,1,1,1,1] size=6 [42.00000000000000...42.00000000000000]

1:[1,2,1,1,1,1] size=6 [42.00000000000000...42.00000000000000]


Cache : 


temp_block_list_stack_:

0:[1,2,1,1,1,1],1:[1,2,1,1,1,1]

in do j 
15:  j=3
all elements of a(i,j) should be 42
19:  printing 8 of 8 elements of block a[1,3] in the order stored in memory 
42.00000000000000 42.00000000000000 
42.00000000000000 42.00000000000000 
42.00000000000000 42.00000000000000 
42.00000000000000 42.00000000000000 
all elements of b(i,j) should be 55
23:  printing 8 of 8 elements of block b[1,3] in the order stored in memory 
55.00000000000000 55.00000000000000 
55.00000000000000 55.00000000000000 
55.00000000000000 55.00000000000000 
55.00000000000000 55.00000000000000 
all elements of b(i,j) should be 42
27:  printing 8 of 8 elements of block b[1,3] in the order stored in memory 
42.00000000000000 42.00000000000000 
42.00000000000000 42.00000000000000 
42.00000000000000 42.00000000000000 
42.00000000000000 42.00000000000000 
LISTING CURRENT BLOCKS
block_map_:
Block Map : 
0:[1,3,1,1,1,1] size=8 [42.00000000000000...42.00000000000000]

1:[1,3,1,1,1,1] size=8 [42.00000000000000...42.00000000000000]


Cache : 


temp_block_list_stack_:

0:[1,3,1,1,1,1],1:[1,3,1,1,1,1]

end of loop body in do i
in do i 
12:  i=2
in do j 
15:  j=1
all elements of a(i,j) should be 42
19:  printing 6 of 6 elements of block a[2,1] in the order stored in memory 
42.00000000000000 42.00000000000000 42.00000000000000 
42.00000000000000 42.00000000000000 42.00000000000000 
all elements of b(i,j) should be 55
23:  printing 6 of 6 elements of block b[2,1] in the order stored in memory 
55.00000000000000 55.00000000000000 55.00000000000000 
55.00000000000000 55.00000000000000 55.00000000000000 
all elements of b(i,j) should be 42
27:  printing 6 of 6 elements of block b[2,1] in the order stored in memory 
42.00000000000000 42.00000000000000 42.00000000000000 
42.00000000000000 42.00000000000000 42.00000000000000 
LISTING CURRENT BLOCKS
block_map_:
Block Map : 
0:[2,1,1,1,1,1] size=6 [42.00000000000000...42.00000000000000]

1:[2,1,1,1,1,1] size=6 [42.00000000000000...42.00000000000000]


Cache : 


temp_block_list_stack_:

0:[2,1,1,1,1,1],1:[2,1,1,1,1,1]

in do j 
15:  j=2
all elements of a(i,j) should be 42
19:  printing 9 of 9 elements of block a[2,2] in the order stored in memory 
42.00000000000000 42.00000000000000 42.00000000000000 
42.00000000000000 42.00000000000000 42.00000000000000 
42.00000000000000 42.00000000000000 42.00000000000000 
all elements of b(i,j) should be 55
23:  printing 9 of 9 elements of block b[2,2] in the order stored in memory 
55.00000000000000 55.00000000000000 55.00000000000000 
55.00000000000000 55.00000000000000 55.00000000000000 
55.00000000000000 55.00000000000000 55.00000000000000 
all elements of b(i,j) should be 42
27:  printing 9 of 9 elements of block b[2,2] in the order stored in memory 
42.00000000000000 42.00000000000000 42.00000000000000 
42.00000000000000 42.00000000000000 42.00000000000000 
42.00000000000000 42.00000000000000 42.00000000000000 
LISTING CURRENT BLOCKS
block_map_:
Block Map : 
0:[2,2,1,1,1,1] size=9 [42.00000000000000...42.00000000000000]

1:[2,2,1,1,1,1] size=9 [42.00000000000000...42.00000000000000]


Cache : 


temp_block_list_stack_:

0:[2,2,1,1,1,1],1:[2,2,1,1,1,1]

in do j 
15:  j=3
all elements of a(i,j) should be 42
19:  printing 12 of 12 elements of block a[2,3] in the order stored in memory 
42.00000000000000 42.00000000000000 42.00000000000000 
42.00000000000000 42.00000000000000 42.00000000000000 
42.00000000000000 42.00000000000000 42.00000000000000 
42.00000000000000 42.00000000000000 42.00000000000000 
all elements of b(i,j) should be 55
23:  printing 12 of 12 elements of block b[2,3] in the order stored in memory 
55.00000000000000 55.00000000000000 55.00000000000000 
55.00000000000000 55.00000000000000 55.00000000000000 
55.00000000000000 55.00000000000000 55.00000000000000 
55.00000000000000 55.00000000000000 55.00000000000000 
all elements of b(i,j) should be 42
27:  printing 12 of 12 elements of block b[2,3] in the order stored in memory 
42.00000000000000 42.00000000000000 42.00000000000000 
42.00000000000000 42.00000000000000 42.00000000000000 
42.00000000000000 42.00000000000000 42.00000000000000 
42.00000000000000 42.00000000000000 42.00000000000000 
LISTING CURRENT BLOCKS
block_map_:
Block Map : 
0:[2,3,1,1,1,1] size=12 [42.00000000000000...42.00000000000000]

1:[2,3,1,1,1,1] size=12 [42.00000000000000...42.00000000000000]


Cache : 


temp_block_list_stack_:

0:[2,3,1,1,1,1],1:[2,3,1,1,1,1]

end of loop body in do i
in do i 
12:  i=3
in do j 
15:  j=1
all elements of a(i,j) should be 42
19:  printing 8 of 8 elements of block a[3,1] in the order stored in memory 
42.00000000000000 42.00000000000000 42.00000000000000 42.00000000000000 
42.00000000000000 42.00000000000000 42.00000000000000 42.00000000000000 
all elements of b(i,j) should be 55
23:  printing 8 of 8 elements of block b[3,1] in the order stored in memory 
55.00000000000000 55.00000000000000 55.00000000000000 55.00000000000000 
55.00000000000000 55.00000000000000 55.00000000000000 55.00000000000000 
all elements of b(i,j) should be 42
27:  printing 8 of 8 elements of block b[3,1] in the order stored in memory 
42.00000000000000 42.00000000000000 42.00000000000000 42.00000000000000 
42.00000000000000 42.00000000000000 42.00000000000000 42.00000000000000 
LISTING CURRENT BLOCKS
block_map_:
Block Map : 
0:[3,1,1,1,1,1] size=8 [42.00000000000000...42.00000000000000]

1:[3,1,1,1,1,1] size=8 [42.00000000000000...42.00000000000000]


Cache : 


temp_block_list_stack_:

0:[3,1,1,1,1,1],1:[3,1,1,1,1,1]

in do j 
15:  j=2
all elements of a(i,j) should be 42
19:  printing 12 of 12 elements of block a[3,2] in the order stored in memory 
42.00000000000000 42.00000000000000 42.00000000000000 42.00000000000000 
42.00000000000000 42.00000000000000 42.00000000000000 42.00000000000000 
42.00000000000000 42.00000000000000 42.00000000000000 42.00000000000000 
all elements of b(i,j) should be 55
23:  printing 12 of 12 elements of block b[3,2] in the order stored in memory 
55.00000000000000 55.00000000000000 55.00000000000000 55.00000000000000 
55.00000000000000 55.00000000000000 55.00000000000000 55.00000000000000 
55.00000000000000 55.00000000000000 55.00000000000000 55.00000000000000 
all elements of b(i,j) should be 42
27:  printing 12 of 12 elements of block b[3,2] in the order stored in memory 
42.00000000000000 42.00000000000000 42.00000000000000 42.00000000000000 
42.00000000000000 42.00000000000000 42.00000000000000 42.00000000000000 
42.00000000000000 42.00000000000000 42.00000000000000 42.00000000000000 
LISTING CURRENT BLOCKS
block_map_:
Block Map : 
0:[3,2,1,1,1,1] size=12 [42.00000000000000...42.00000000000000]

1:[3,2,1,1,1,1] size=12 [42.00000000000000...42.00000000000000]


Cache : 


temp_block_list_stack_:

0:[3,2,1,1,1,1],1:[3,2,1,1,1,1]

in do j 
15:  j=3
all elements of a(i,j) should be 42
19:  printing 16 of 16 elements of block a[3,3] in the order stored in memory 
42.00000000000000 42.00000000000000 42.00000000000000 42.00000000000000 
42.00000000000000 42.00000000000000 42.00000000000000 42.00000000000000 
42.00000000000000 42.00000000000000 42.00000000000000 42.00000000000000 
42.00000000000000 42.00000000000000 42.00000000000000 42.00000000000000 
all elements of b(i,j) should be 55
23:  printing 16 of 16 elements of block b[3,3] in the order stored in memory 
55.00000000000000 55.00000000000000 55.00000000000000 55.00000000000000 
55.00000000000000 55.00000000000000 55.00000000000000 55.00000000000000 
55.00000000000000 55.00000000000000 55.00000000000000 55.00000000000000 
55.00000000000000 55.00000000000000 55.00000000000000 55.00000000000000 
all elements of b(i,j) should be 42
27:  printing 16 of 16 elements of block b[3,3] in the order stored in memory 
42.00000000000000 42.00000000000000 42.00000000000000 42.00000000000000 
42.00000000000000 42.00000000000000 42.00000000000000 42.00000000000000 
42.00000000000000 42.00000000000000 42.00000000000000 42.00000000000000 
42.00000000000000 42.00000000000000 42.00000000000000 42.00000000000000 
LISTING CURRENT BLOCKS
block_map_:
Block Map : 
0:[3,3,1,1,1,1] size=16 [42.00000000000000...42.00000000000000]

1:[3,3,1,1,1,1] size=16 [42.00000000000000...42.00000000000000]


Cache : 


temp_block_list_stack_:

0:[3,3,1,1,1,1],1:[3,3,1,1,1,1]

end of loop body in do i
end of program tmp_array_2.
LISTING CURRENT BLOCKS
block_map_:
Block Map : 

Cache : 


temp_block_list_stack_:

